Release 14.3 - xst P.40xd (nt)
Copyright (c) 1995-2012 Xilinx, Inc.  All rights reserved.
--> Parameter TMPDIR set to xst/projnav.tmp


Total REAL time to Xst completion: 0.00 secs
Total CPU time to Xst completion: 0.15 secs
 
--> Parameter xsthdpdir set to xst


Total REAL time to Xst completion: 0.00 secs
Total CPU time to Xst completion: 0.15 secs
 
--> Reading design: ns3da2test.prj

TABLE OF CONTENTS
  1) Synthesis Options Summary
  2) HDL Parsing
  3) HDL Elaboration
  4) HDL Synthesis
       4.1) HDL Synthesis Report
  5) Advanced HDL Synthesis
       5.1) Advanced HDL Synthesis Report
  6) Low Level Synthesis
  7) Partition Report
  8) Design Summary
       8.1) Primitive and Black Box Usage
       8.2) Device utilization summary
       8.3) Partition Resource Summary
       8.4) Timing Report
            8.4.1) Clock Information
            8.4.2) Asynchronous Control Signals Information
            8.4.3) Timing Summary
            8.4.4) Timing Details
            8.4.5) Cross Clock Domains Report


=========================================================================
*                      Synthesis Options Summary                        *
=========================================================================
---- Source Parameters
Input File Name                    : "ns3da2test.prj"
Ignore Synthesis Constraint File   : NO

---- Target Parameters
Output File Name                   : "ns3da2test"
Output Format                      : NGC
Target Device                      : xc6slx16-3-csg324

---- Source Options
Top Module Name                    : ns3da2test
Automatic FSM Extraction           : YES
FSM Encoding Algorithm             : Auto
Safe Implementation                : No
FSM Style                          : LUT
RAM Extraction                     : Yes
RAM Style                          : Auto
ROM Extraction                     : Yes
Shift Register Extraction          : YES
ROM Style                          : Auto
Resource Sharing                   : YES
Asynchronous To Synchronous        : NO
Shift Register Minimum Size        : 2
Use DSP Block                      : Auto
Automatic Register Balancing       : No

---- Target Options
LUT Combining                      : Auto
Reduce Control Sets                : Auto
Add IO Buffers                     : YES
Global Maximum Fanout              : 100000
Add Generic Clock Buffer(BUFG)     : 16
Register Duplication               : YES
Optimize Instantiated Primitives   : NO
Use Clock Enable                   : Auto
Use Synchronous Set                : Auto
Use Synchronous Reset              : Auto
Pack IO Registers into IOBs        : Auto
Equivalent register Removal        : YES

---- General Options
Optimization Goal                  : Speed
Optimization Effort                : 1
Power Reduction                    : NO
Keep Hierarchy                     : No
Netlist Hierarchy                  : As_Optimized
RTL Output                         : Yes
Global Optimization                : AllClockNets
Read Cores                         : YES
Write Timing Constraints           : NO
Cross Clock Analysis               : NO
Hierarchy Separator                : /
Bus Delimiter                      : <>
Case Specifier                     : Maintain
Slice Utilization Ratio            : 100
BRAM Utilization Ratio             : 100
DSP48 Utilization Ratio            : 100
Auto BRAM Packing                  : NO
Slice Utilization Ratio Delta      : 5

=========================================================================


=========================================================================
*                          HDL Parsing                                  *
=========================================================================
Analyzing Verilog file "C:\s6EDPGA-v14\Chapter 3\peripherals\clock.v" into library work
Parsing module <clock>.
Analyzing Verilog file "C:\s6EDPGA-v14\Chapter 3\DACtest\ns3da2test\remote_sources\_\_\peripherals\da2dac.v" into library work
Parsing module <da2dac>.
Analyzing Verilog file "C:\s6EDPGA-v14\Chapter 3\DACtest\ns3da2test\ns3da2test.v" into library work
Parsing module <ns3da2test>.
Parsing module <gendac>.

=========================================================================
*                            HDL Elaboration                            *
=========================================================================

Elaborating module <ns3da2test>.

Elaborating module <da2dac>.

Elaborating module <gendac>.
WARNING:HDLCompiler:413 - "C:\s6EDPGA-v14\Chapter 3\DACtest\ns3da2test\ns3da2test.v" Line 32: Result of 13-bit expression is truncated to fit in 12-bit target.

Elaborating module <clock>.

=========================================================================
*                           HDL Synthesis                               *
=========================================================================

Synthesizing Unit <ns3da2test>.
    Related source file is "C:\s6EDPGA-v14\Chapter 3\DACtest\ns3da2test\ns3da2test.v".
    Summary:
	no macro.
Unit <ns3da2test> synthesized.

Synthesizing Unit <da2dac>.
    Related source file is "C:\s6EDPGA-v14\Chapter 3\DACtest\ns3da2test\remote_sources\_\_\peripherals\da2dac.v".
    Found 1-bit register for signal <davdac>.
    Found 1-bit register for signal <dacsync>.
    Found 1-bit register for signal <dacsck>.
    Found 1-bit register for signal <dacout>.
    Found 6-bit register for signal <dacstate>.
    Found 64x6-bit Read Only RAM for signal <dacstate[5]_PWR_2_o_wide_mux_5_OUT>
    Summary:
	inferred   1 RAM(s).
	inferred  10 D-type flip-flop(s).
	inferred  34 Multiplexer(s).
Unit <da2dac> synthesized.

Synthesizing Unit <gendac>.
    Related source file is "C:\s6EDPGA-v14\Chapter 3\DACtest\ns3da2test\ns3da2test.v".
WARNING:Xst:2935 - Signal 'daccmd', unconnected in block 'gendac', is tied to its initial value (00).
    Found 1-bit register for signal <dacdav>.
    Found 12-bit register for signal <dacdata>.
    Found 2-bit register for signal <gstate>.
    Found finite state machine <FSM_0> for signal <gstate>.
    -----------------------------------------------------------------------
    | States             | 3                                              |
    | Transitions        | 4                                              |
    | Inputs             | 1                                              |
    | Outputs            | 3                                              |
    | Clock              | genclk (rising_edge)                           |
    | Power Up State     | 00                                             |
    | Encoding           | auto                                           |
    | Implementation     | LUT                                            |
    -----------------------------------------------------------------------
    Found 12-bit adder for signal <dacdata[11]_GND_3_o_add_1_OUT> created at line 32.
    Summary:
	inferred   1 Adder/Subtractor(s).
	inferred  13 D-type flip-flop(s).
	inferred   1 Finite State Machine(s).
Unit <gendac> synthesized.

Synthesizing Unit <clock>.
    Related source file is "C:\s6EDPGA-v14\Chapter 3\peripherals\clock.v".
    Found 1-bit register for signal <sclclk>.
    Found 32-bit register for signal <clkq>.
    Found 32-bit adder for signal <clkq[31]_GND_4_o_add_1_OUT> created at line 12.
    Found 32-bit comparator greater for signal <n0001> created at line 13
    Summary:
	inferred   1 Adder/Subtractor(s).
	inferred  33 D-type flip-flop(s).
	inferred   1 Comparator(s).
Unit <clock> synthesized.

=========================================================================
HDL Synthesis Report

Macro Statistics
# RAMs                                                 : 1
 64x6-bit single-port Read Only RAM                    : 1
# Adders/Subtractors                                   : 2
 12-bit adder                                          : 1
 32-bit adder                                          : 1
# Registers                                            : 9
 1-bit register                                        : 6
 12-bit register                                       : 1
 32-bit register                                       : 1
 6-bit register                                        : 1
# Comparators                                          : 1
 32-bit comparator greater                             : 1
# Multiplexers                                         : 34
 1-bit 2-to-1 multiplexer                              : 32
 6-bit 2-to-1 multiplexer                              : 2
# FSMs                                                 : 1

=========================================================================

=========================================================================
*                       Advanced HDL Synthesis                          *
=========================================================================


Synthesizing (advanced) Unit <clock>.
The following registers are absorbed into counter <clkq>: 1 register on signal <clkq>.
Unit <clock> synthesized (advanced).

Synthesizing (advanced) Unit <da2dac>.
INFO:Xst:3231 - The small RAM <Mram_dacstate[5]_PWR_2_o_wide_mux_5_OUT> will be implemented on LUTs in order to maximize performance and save block RAM resources. If you want to force its implementation on block, use option/constraint ram_style.
    -----------------------------------------------------------------------
    | ram_type           | Distributed                         |          |
    -----------------------------------------------------------------------
    | Port A                                                              |
    |     aspect ratio   | 64-word x 6-bit                     |          |
    |     weA            | connected to signal <GND>           | high     |
    |     addrA          | connected to signal <dacstate[5]_GND_2_o_mux_2_OUT> |          |
    |     diA            | connected to signal <GND>           |          |
    |     doA            | connected to internal node          |          |
    -----------------------------------------------------------------------
Unit <da2dac> synthesized (advanced).

Synthesizing (advanced) Unit <gendac>.
The following registers are absorbed into counter <dacdata>: 1 register on signal <dacdata>.
Unit <gendac> synthesized (advanced).

=========================================================================
Advanced HDL Synthesis Report

Macro Statistics
# RAMs                                                 : 1
 64x6-bit single-port distributed Read Only RAM        : 1
# Adders/Subtractors                                   : 1
 32-bit adder                                          : 1
# Counters                                             : 2
 12-bit up counter                                     : 1
 32-bit up counter                                     : 1
# Registers                                            : 12
 Flip-Flops                                            : 12
# Comparators                                          : 1
 32-bit comparator greater                             : 1
# Multiplexers                                         : 34
 1-bit 2-to-1 multiplexer                              : 32
 6-bit 2-to-1 multiplexer                              : 2
# FSMs                                                 : 1

=========================================================================

=========================================================================
*                         Low Level Synthesis                           *
=========================================================================
Analyzing FSM <MFsm> for best encoding.
Optimizing FSM <FSM_0> on signal <gstate[1:2]> with user encoding.
-------------------
 State | Encoding
-------------------
 00    | 00
 01    | 01
 10    | 10
-------------------

Optimizing unit <ns3da2test> ...

Optimizing unit <da2dac> ...

Mapping all equations...
Building and optimizing final netlist ...
Found area constraint ratio of 100 (+ 5) on block ns3da2test, actual ratio is 1.

Final Macro Processing ...

=========================================================================
Final Register Report

Macro Statistics
# Registers                                            : 58
 Flip-Flops                                            : 58

=========================================================================

=========================================================================
*                           Partition Report                            *
=========================================================================

Partition Implementation Status
-------------------------------

  No Partitions were found in this design.

-------------------------------

=========================================================================
*                            Design Summary                             *
=========================================================================

Top Level Output File Name         : ns3da2test.ngc

Primitive and Black Box Usage:
------------------------------
# BELS                             : 315
#      GND                         : 1
#      INV                         : 5
#      LUT1                        : 73
#      LUT2                        : 42
#      LUT3                        : 2
#      LUT4                        : 11
#      LUT5                        : 15
#      LUT6                        : 9
#      MUXCY                       : 80
#      VCC                         : 1
#      XORCY                       : 76
# FlipFlops/Latches                : 58
#      FD                          : 40
#      FDE                         : 17
#      FDS                         : 1
# Clock Buffers                    : 2
#      BUFG                        : 1
#      BUFGP                       : 1
# IO Buffers                       : 4
#      OBUF                        : 4

Device utilization summary:
---------------------------

Selected Device : 6slx16csg324-3 


Slice Logic Utilization: 
 Number of Slice Registers:              58  out of  18224     0%  
 Number of Slice LUTs:                  157  out of   9112     1%  
    Number used as Logic:               157  out of   9112     1%  

Slice Logic Distribution: 
 Number of LUT Flip Flop pairs used:    158
   Number with an unused Flip Flop:     100  out of    158    63%  
   Number with an unused LUT:             1  out of    158     0%  
   Number of fully used LUT-FF pairs:    57  out of    158    36%  
   Number of unique control sets:         9

IO Utilization: 
 Number of IOs:                           5
 Number of bonded IOBs:                   5  out of    232     2%  

Specific Feature Utilization:
 Number of BUFG/BUFGCTRLs:                2  out of     16    12%  

---------------------------
Partition Resource Summary:
---------------------------

  No Partitions were found in this design.

---------------------------


=========================================================================
Timing Report

NOTE: THESE TIMING NUMBERS ARE ONLY A SYNTHESIS ESTIMATE.
      FOR ACCURATE TIMING INFORMATION PLEASE REFER TO THE TRACE REPORT
      GENERATED AFTER PLACE-and-ROUTE.

Clock Information:
------------------
-----------------------------------+------------------------+-------+
Clock Signal                       | Clock buffer(FF name)  | Load  |
-----------------------------------+------------------------+-------+
CLK                                | BUFGP                  | 33    |
M2/sclclk                          | BUFG                   | 25    |
-----------------------------------+------------------------+-------+

Asynchronous Control Signals Information:
----------------------------------------
No asynchronous control signals found in this design

Timing Summary:
---------------
Speed Grade: -3

   Minimum period: 5.348ns (Maximum Frequency: 186.989MHz)
   Minimum input arrival time before clock: No path found
   Maximum output required time after clock: 3.597ns
   Maximum combinational path delay: No path found

Timing Details:
---------------
All values displayed in nanoseconds (ns)

=========================================================================
Timing constraint: Default period analysis for Clock 'CLK'
  Clock period: 5.348ns (frequency: 186.989MHz)
  Total number of paths / destination ports: 35344 / 34
-------------------------------------------------------------------------
Delay:               5.348ns (Levels of Logic = 34)
  Source:            M2/clkq_0 (FF)
  Destination:       M2/sclclk (FF)
  Source Clock:      CLK rising
  Destination Clock: CLK rising

  Data Path: M2/clkq_0 to M2/sclclk
                                Gate     Net
    Cell:in->out      fanout   Delay   Delay  Logical Name (Net Name)
    ----------------------------------------  ------------
     FD:C->Q               2   0.447   0.616  M2/clkq_0 (M2/clkq_0)
     INV:I->O              1   0.206   0.000  M2/Madd_clkq[31]_GND_4_o_add_1_OUT_lut<0>_INV_0 (M2/Madd_clkq[31]_GND_4_o_add_1_OUT_lut<0>)
     MUXCY:S->O            1   0.172   0.000  M2/Madd_clkq[31]_GND_4_o_add_1_OUT_cy<0> (M2/Madd_clkq[31]_GND_4_o_add_1_OUT_cy<0>)
     MUXCY:CI->O           1   0.019   0.000  M2/Madd_clkq[31]_GND_4_o_add_1_OUT_cy<1> (M2/Madd_clkq[31]_GND_4_o_add_1_OUT_cy<1>)
     MUXCY:CI->O           1   0.019   0.000  M2/Madd_clkq[31]_GND_4_o_add_1_OUT_cy<2> (M2/Madd_clkq[31]_GND_4_o_add_1_OUT_cy<2>)
     MUXCY:CI->O           1   0.019   0.000  M2/Madd_clkq[31]_GND_4_o_add_1_OUT_cy<3> (M2/Madd_clkq[31]_GND_4_o_add_1_OUT_cy<3>)
     MUXCY:CI->O           1   0.019   0.000  M2/Madd_clkq[31]_GND_4_o_add_1_OUT_cy<4> (M2/Madd_clkq[31]_GND_4_o_add_1_OUT_cy<4>)
     MUXCY:CI->O           1   0.019   0.000  M2/Madd_clkq[31]_GND_4_o_add_1_OUT_cy<5> (M2/Madd_clkq[31]_GND_4_o_add_1_OUT_cy<5>)
     MUXCY:CI->O           1   0.019   0.000  M2/Madd_clkq[31]_GND_4_o_add_1_OUT_cy<6> (M2/Madd_clkq[31]_GND_4_o_add_1_OUT_cy<6>)
     MUXCY:CI->O           1   0.019   0.000  M2/Madd_clkq[31]_GND_4_o_add_1_OUT_cy<7> (M2/Madd_clkq[31]_GND_4_o_add_1_OUT_cy<7>)
     MUXCY:CI->O           1   0.019   0.000  M2/Madd_clkq[31]_GND_4_o_add_1_OUT_cy<8> (M2/Madd_clkq[31]_GND_4_o_add_1_OUT_cy<8>)
     MUXCY:CI->O           1   0.019   0.000  M2/Madd_clkq[31]_GND_4_o_add_1_OUT_cy<9> (M2/Madd_clkq[31]_GND_4_o_add_1_OUT_cy<9>)
     MUXCY:CI->O           1   0.019   0.000  M2/Madd_clkq[31]_GND_4_o_add_1_OUT_cy<10> (M2/Madd_clkq[31]_GND_4_o_add_1_OUT_cy<10>)
     MUXCY:CI->O           1   0.019   0.000  M2/Madd_clkq[31]_GND_4_o_add_1_OUT_cy<11> (M2/Madd_clkq[31]_GND_4_o_add_1_OUT_cy<11>)
     MUXCY:CI->O           1   0.019   0.000  M2/Madd_clkq[31]_GND_4_o_add_1_OUT_cy<12> (M2/Madd_clkq[31]_GND_4_o_add_1_OUT_cy<12>)
     MUXCY:CI->O           1   0.019   0.000  M2/Madd_clkq[31]_GND_4_o_add_1_OUT_cy<13> (M2/Madd_clkq[31]_GND_4_o_add_1_OUT_cy<13>)
     MUXCY:CI->O           1   0.019   0.000  M2/Madd_clkq[31]_GND_4_o_add_1_OUT_cy<14> (M2/Madd_clkq[31]_GND_4_o_add_1_OUT_cy<14>)
     MUXCY:CI->O           1   0.019   0.000  M2/Madd_clkq[31]_GND_4_o_add_1_OUT_cy<15> (M2/Madd_clkq[31]_GND_4_o_add_1_OUT_cy<15>)
     MUXCY:CI->O           1   0.019   0.000  M2/Madd_clkq[31]_GND_4_o_add_1_OUT_cy<16> (M2/Madd_clkq[31]_GND_4_o_add_1_OUT_cy<16>)
     MUXCY:CI->O           1   0.019   0.000  M2/Madd_clkq[31]_GND_4_o_add_1_OUT_cy<17> (M2/Madd_clkq[31]_GND_4_o_add_1_OUT_cy<17>)
     MUXCY:CI->O           1   0.019   0.000  M2/Madd_clkq[31]_GND_4_o_add_1_OUT_cy<18> (M2/Madd_clkq[31]_GND_4_o_add_1_OUT_cy<18>)
     MUXCY:CI->O           1   0.019   0.000  M2/Madd_clkq[31]_GND_4_o_add_1_OUT_cy<19> (M2/Madd_clkq[31]_GND_4_o_add_1_OUT_cy<19>)
     MUXCY:CI->O           1   0.019   0.000  M2/Madd_clkq[31]_GND_4_o_add_1_OUT_cy<20> (M2/Madd_clkq[31]_GND_4_o_add_1_OUT_cy<20>)
     MUXCY:CI->O           1   0.019   0.000  M2/Madd_clkq[31]_GND_4_o_add_1_OUT_cy<21> (M2/Madd_clkq[31]_GND_4_o_add_1_OUT_cy<21>)
     MUXCY:CI->O           1   0.019   0.000  M2/Madd_clkq[31]_GND_4_o_add_1_OUT_cy<22> (M2/Madd_clkq[31]_GND_4_o_add_1_OUT_cy<22>)
     MUXCY:CI->O           1   0.019   0.000  M2/Madd_clkq[31]_GND_4_o_add_1_OUT_cy<23> (M2/Madd_clkq[31]_GND_4_o_add_1_OUT_cy<23>)
     MUXCY:CI->O           1   0.019   0.000  M2/Madd_clkq[31]_GND_4_o_add_1_OUT_cy<24> (M2/Madd_clkq[31]_GND_4_o_add_1_OUT_cy<24>)
     MUXCY:CI->O           1   0.019   0.000  M2/Madd_clkq[31]_GND_4_o_add_1_OUT_cy<25> (M2/Madd_clkq[31]_GND_4_o_add_1_OUT_cy<25>)
     MUXCY:CI->O           1   0.019   0.000  M2/Madd_clkq[31]_GND_4_o_add_1_OUT_cy<26> (M2/Madd_clkq[31]_GND_4_o_add_1_OUT_cy<26>)
     MUXCY:CI->O           1   0.019   0.000  M2/Madd_clkq[31]_GND_4_o_add_1_OUT_cy<27> (M2/Madd_clkq[31]_GND_4_o_add_1_OUT_cy<27>)
     MUXCY:CI->O           1   0.019   0.000  M2/Madd_clkq[31]_GND_4_o_add_1_OUT_cy<28> (M2/Madd_clkq[31]_GND_4_o_add_1_OUT_cy<28>)
     XORCY:CI->O           2   0.180   0.961  M2/Madd_clkq[31]_GND_4_o_add_1_OUT_xor<29> (M2/clkq[31]_GND_4_o_add_1_OUT<29>)
     LUT5:I0->O            0   0.203   0.000  M2/Mcompar_n0001_lutdi5 (M2/Mcompar_n0001_lutdi5)
     MUXCY:DI->O           1   0.145   0.000  M2/Mcompar_n0001_cy<5> (M2/Mcompar_n0001_cy<5>)
     MUXCY:CI->O          33   0.258   1.305  M2/Mcompar_n0001_cy<6> (M2/Mcompar_n0001_cy<6>)
     FDE:CE                    0.322          M2/sclclk
    ----------------------------------------
    Total                      5.348ns (2.465ns logic, 2.883ns route)
                                       (46.1% logic, 53.9% route)

=========================================================================
Timing constraint: Default period analysis for Clock 'M2/sclclk'
  Clock period: 4.233ns (frequency: 236.225MHz)
  Total number of paths / destination ports: 268 / 42
-------------------------------------------------------------------------
Delay:               4.233ns (Levels of Logic = 3)
  Source:            M1/dacdav (FF)
  Destination:       M0/dacout (FF)
  Source Clock:      M2/sclclk rising
  Destination Clock: M2/sclclk rising

  Data Path: M1/dacdav to M0/dacout
                                Gate     Net
    Cell:in->out      fanout   Delay   Delay  Logical Name (Net Name)
    ----------------------------------------  ------------
     FDE:C->Q             21   0.447   1.218  M1/dacdav (M1/dacdav)
     LUT2:I0->O            9   0.203   1.174  M0/Mmux_dacstate[5]_GND_2_o_mux_2_OUT21 (M0/dacstate[5]_GND_2_o_mux_2_OUT<1>)
     LUT6:I1->O            1   0.203   0.684  M0/Mmux__n0209_8 (M0/Mmux__n0209_8)
     LUT6:I4->O            1   0.203   0.000  M0/dacstate[5]_GND_2_o_mux_2_OUT<4>1 (M0/_n0209)
     FDE:D                     0.102          M0/dacout
    ----------------------------------------
    Total                      4.233ns (1.158ns logic, 3.075ns route)
                                       (27.4% logic, 72.6% route)

=========================================================================
Timing constraint: Default OFFSET OUT AFTER for Clock 'M2/sclclk'
  Total number of paths / destination ports: 3 / 3
-------------------------------------------------------------------------
Offset:              3.597ns (Levels of Logic = 1)
  Source:            M0/dacsync (FF)
  Destination:       JA1 (PAD)
  Source Clock:      M2/sclclk rising

  Data Path: M0/dacsync to JA1
                                Gate     Net
    Cell:in->out      fanout   Delay   Delay  Logical Name (Net Name)
    ----------------------------------------  ------------
     FDE:C->Q              1   0.447   0.579  M0/dacsync (M0/dacsync)
     OBUF:I->O                 2.571          JA1_OBUF (JA1)
    ----------------------------------------
    Total                      3.597ns (3.018ns logic, 0.579ns route)
                                       (83.9% logic, 16.1% route)

=========================================================================

Cross Clock Domains Report:
--------------------------

Clock to Setup on destination clock CLK
---------------+---------+---------+---------+---------+
               | Src:Rise| Src:Fall| Src:Rise| Src:Fall|
Source Clock   |Dest:Rise|Dest:Rise|Dest:Fall|Dest:Fall|
---------------+---------+---------+---------+---------+
CLK            |    5.348|         |         |         |
---------------+---------+---------+---------+---------+

Clock to Setup on destination clock M2/sclclk
---------------+---------+---------+---------+---------+
               | Src:Rise| Src:Fall| Src:Rise| Src:Fall|
Source Clock   |Dest:Rise|Dest:Rise|Dest:Fall|Dest:Fall|
---------------+---------+---------+---------+---------+
M2/sclclk      |    4.233|         |         |         |
---------------+---------+---------+---------+---------+

=========================================================================


Total REAL time to Xst completion: 6.00 secs
Total CPU time to Xst completion: 6.18 secs
 
--> 

Total memory usage is 196096 kilobytes

Number of errors   :    0 (   0 filtered)
Number of warnings :    2 (   0 filtered)
Number of infos    :    1 (   0 filtered)

